
> frontend@0.0.0 build
> vite build

[36mvite v8.0.0 [32mbuilding client environment for production...[36m[39m
[2K
transforming...Γ£ô 2198 modules transformed.
node.exe : [31mΓ£ù[39m Build failed in 
686ms
At line:1 char:1
+ & "C:\Program Files\nodejs/node.exe" 
"C:\Program Files\nodejs/node_mo ...
+ ~~~~~~~~~~~~~~~~~~~~~~~~~~~~~~~~~~~~~~~
~~~~~~~~~~~~~~~~~~~~~~~~~~~~~~
    + CategoryInfo          : NotSpecifi 
   ed: ([31mΓ£ù[39m Build failed in 6  
  86ms:String) [], RemoteException
    + FullyQualifiedErrorId : NativeComm 
   andError
 
[31merror during build:
[31mBuild failed with 1 error:

[31m[builtin:vite-transform] Error:[0m 
Expected `,` or `)` but found `{`
     [38;5;246mΓò¡[0m[38;5;246mΓöÇ[0m
[38;5;246m[[0m 
src/pages/MovieDetails.jsx:231:15 
[38;5;246m][0m
     [38;5;246mΓöé[0m
 [38;5;246m227 Γöé[0m [38;5;249m 
[0m[38;5;249m [0m[38;5;249m 
[0m[38;5;249m [0m[38;5;249m 
[0m[38;5;249m [0m[38;5;249m 
[0m[38;5;249m [0m[38;5;249m 
[0m[38;5;249m [0m[38;5;249m 
[0m[38;5;249m [0m[38;5;249m 
[0m[38;5;249m [0m[38;5;249m 
[0m[38;5;249m [0m[38;5;249m 
[0m[38;5;249m [0m[38;5;249m 
[0m[38;5;249m [0m[38;5;249m{[0m[38;
5;249mm[0m[38;5;249mo[0m[38;5;249mv[
0m[38;5;249mi[0m[38;5;249me[0m[38;5;
249m.[0m[38;5;249mc[0m[38;5;249ma[0m
[38;5;249ms[0m[38;5;249mt[0m[38;5;24
9m.[0m[38;5;249mm[0m[38;5;249ma[0m[
38;5;249mp[0m[38;5;249m([0m[38;5;249m
([0m[38;5;249ma[0m[38;5;249mc[0m[38
;5;249mt[0m[38;5;249mo[0m[38;5;249mr
[0m[38;5;249m,[0m[38;5;249m [0m[38;5
;249mi[0m[38;5;249m)[0m[38;5;249m [0
m[38;5;249m=[0m[38;5;249m>[0m[38;5;2
49m [0m(
 [38;5;240m    Γöé[0m                  
                                 Γö¼  
 [38;5;240m    Γöé[0m                  
                                 
Γò░ΓöÇΓöÇ Opened here
 [38;5;240m    Γöé[0m 
 [38;5;246m231 Γöé[0m [38;5;249m 
[0m[38;5;249m [0m[38;5;249m 
[0m[38;5;249m [0m[38;5;249m 
[0m[38;5;249m [0m[38;5;249m 
[0m[38;5;249m [0m[38;5;249m 
[0m[38;5;249m [0m[38;5;249m 
[0m[38;5;249m [0m[38;5;249m 
[0m[38;5;249m [0m{[38;5;249mm[0m[38
;5;249mo[0m[38;5;249mv[0m[38;5;249mi
[0m[38;5;249me[0m[38;5;249m.[0m[38;5
;249md[0m[38;5;249mi[0m[38;5;249mr[0
m[38;5;249me[0m[38;5;249mc[0m[38;5;2
49mt[0m[38;5;249mo[0m[38;5;249mr[0m
[38;5;249m [0m[38;5;249m&[0m[38;5;249
m&[0m[38;5;249m [0m[38;5;249m([0m
 [38;5;240m    Γöé[0m               
Γö¼  
 [38;5;240m    Γöé[0m               
Γò░ΓöÇΓöÇ `,` or `)` expected
[38;5;246mΓöÇΓöÇΓöÇΓöÇΓöÇΓò»[0m
[31m
    at aggregateBindingErrorsIntoJsError 
(file:///C:/Users/yash6/OneDrive/Desktop/
rs/movie-recommendation-system/frontend/n
ode_modules/rolldown/dist/shared/error-CP
8smW_P.mjs:48:18)
    at unwrapBindingResult (file:///C:/Us
ers/yash6/OneDrive/Desktop/rs/movie-recom
mendation-system/frontend/node_modules/ro
lldown/dist/shared/error-CP8smW_P.mjs:18:
128)
    at #build (file:///C:/Users/yash6/One
Drive/Desktop/rs/movie-recommendation-sys
tem/frontend/node_modules/rolldown/dist/s
hared/rolldown-build-4YnQkA76.mjs:3311:34
)
    at async buildEnvironment (file:///C:
/Users/yash6/OneDrive/Desktop/rs/movie-re
commendation-system/frontend/node_modules
/vite/dist/node/chunks/node.js:32794:64)
    at async Object.build (file:///C:/Use
rs/yash6/OneDrive/Desktop/rs/movie-recomm
endation-system/frontend/node_modules/vit
e/dist/node/chunks/node.js:33216:19)
    at async Object.buildApp (file:///C:/
Users/yash6/OneDrive/Desktop/rs/movie-rec
ommendation-system/frontend/node_modules/
vite/dist/node/chunks/node.js:33213:153)
    at async CAC.<anonymous> (file:///C:/
Users/yash6/OneDrive/Desktop/rs/movie-rec
ommendation-system/frontend/node_modules/
vite/dist/node/cli.js:778:3) {
  errors: [Getter/Setter]
}[39m
